// Jest Snapshot v1, https://goo.gl/fbAQLP

exports[`<ForgotPassword/> renders without crashing 1`] = `
<div>
  <div
    className="container"
  >
    <div
      className="justify-content-center row"
    >
      <div
        className="col-lg-4 col-sm-6"
      >
        <h2
          className="text-center sc-htpNat kBSsty"
        >
          Reset Password
        </h2>
        
        <p
          className="sc-bxivhb loTkdC"
        >
          Please Provide us with your email address so we verify you. 
        </p>
        <form
          className="Request__Form"
          onSubmit={[Function]}
        >
          <div
            className="form-group"
          >
            <label
              className="form-label"
              htmlFor="email"
            >
              Email
            </label>
            <input
              className="form-control"
              id="email"
              onChange={[Function]}
              required={true}
              type="email"
              value=""
            />
          </div>
          <button
            className="sc-bdVaJa iDpiJq btn btn-primary"
            disabled={true}
            type="submit"
          >
            Send Confirmation
          </button>
        </form>
      </div>
    </div>
  </div>
</div>
`;
